// Jest Snapshot v1, https://goo.gl/fbAQLP

exports[`Should have Greeter available 1`] = `"[32mrandom[39m"`;
